src/routes/notesOcrRoutes.ts(4,8): error TS1192: Module '"D:/Projects/Interveiw/server/src/services/ollamaService"' has no default export.
